*** Using Compiler 'V5.06 update 5 (build 528)', folder: '<KEIL_ROOT>\ARM\ARMCC\Bin'
Rebuild target 'A_Firmware'
assembling startup_stm32f103xb.s...
compiling stm32f1xx_hal_gpio.c...
compiling gpio.c...
compiling stm32f1xx_hal_msp.c...
compiling stm32f1xx_it.c...
compiling oled.c...
compiling stm32f1xx_hal_flash.c...
compiling tim.c...
compiling stm32f1xx_hal.c...
compiling usart.c...
compiling stm32f1xx_hal_tim.c...
compiling stm32f1xx_hal_flash_ex.c...
compiling stm32f1xx_hal_gpio_ex.c...
compiling system_stm32f1xx.c...
compiling stm32f1xx_hal_exti.c...
compiling stm32f1xx_hal_cortex.c...
compiling stm32f1xx_hal_pwr.c...
compiling stm32f1xx_hal_rcc_ex.c...
compiling stm32f1xx_hal_rcc.c...
compiling stm32f1xx_hal_dma.c...
compiling main.c...
compiling stm32f1xx_hal_uart.c...
compiling stm32f1xx_hal_tim_ex.c...
linking...
Program Size: Code=10044 RO-data=2540 RW-data=76 ZI-data=3020  
FromELF: creating hex file...
"A_Firmware\A_Firmware.axf" - 0 Error(s), 0 Warning(s).
Build Time Elapsed:  00:00:03
