*** Using Compiler 'V5.06 update 5 (build 528)', folder: '<KEIL_ROOT>\ARM\ARMCC\Bin'
Rebuild target 'B_Firmware'
assembling startup_stm32f103xb.s...
compiling usart.c...
compiling stm32f1xx_hal_msp.c...
compiling stm32f1xx_hal.c...
compiling stm32f1xx_it.c...
compiling stm32f1xx_hal_flash_ex.c...
compiling stm32f1xx_hal_rcc_ex.c...
compiling stm32f1xx_hal_flash.c...
compiling stm32f1xx_hal_gpio_ex.c...
compiling stm32f1xx_hal_dma.c...
compiling system_stm32f1xx.c...
compiling gpio.c...
compiling stm32f1xx_hal_uart.c...
compiling stm32f1xx_hal_pwr.c...
compiling oled.c...
compiling stm32f1xx_hal_exti.c...
compiling stm32f1xx_hal_gpio.c...
compiling main.c...
compiling stm32f1xx_hal_cortex.c...
compiling stm32f1xx_hal_rcc.c...
linking...
Program Size: Code=6652 RO-data=2536 RW-data=80 ZI-data=2792  
FromELF: creating hex file...
"B_Firmware\B_Firmware.axf" - 0 Error(s), 0 Warning(s).
Build Time Elapsed:  00:00:02
